// Jest Snapshot v1, https://goo.gl/fbAQLP

exports[`renders correctly 1`] = `
<div>
  <div
    className="Loading-Container"
  >
    <svg
      className="loading"
      id="loading"
      viewBox="0 0 50 50"
    >
      <circle
        className="path"
        cx="25"
        cy="25"
        fill="none"
        r="20"
        strokeWidth="5"
      />
    </svg>
  </div>
</div>
`;
